[debug] [2025-10-24T05:30:21.841Z] ----------------------------------------------------------------------
[debug] [2025-10-24T05:30:21.842Z] Command:       C:\Program Files\nodejs\node.exe C:\Users\USER\AppData\Local\npm-cache\_npx\872b751b2f16d338\node_modules\firebase-tools\lib\bin\firebase.js emulators:start --only firestore,auth --project demo-test --config app/firebase.json
[debug] [2025-10-24T05:30:21.843Z] CLI Version:   13.35.1
[debug] [2025-10-24T05:30:21.843Z] Platform:      win32
[debug] [2025-10-24T05:30:21.843Z] Node Version:  v22.20.0
[debug] [2025-10-24T05:30:21.843Z] Time:          Fri Oct 24 2025 00:30:21 GMT-0500 (Colombia Standard Time)
[debug] [2025-10-24T05:30:21.843Z] ----------------------------------------------------------------------
[debug] 
[debug] [2025-10-24T05:30:21.940Z] > command requires scopes: ["email","openid","https://www.googleapis.com/auth/cloudplatformprojects.readonly","https://www.googleapis.com/auth/firebase","https://www.googleapis.com/auth/cloud-platform"]
[debug] Failed to authenticate, have you run firebase login?
[warn] !  emulators: You are not currently authenticated so some features may not work correctly. Please run firebase login to authenticate the CLI. 
[debug] [2025-10-24T05:30:22.029Z] java version "23.0.1" 2024-10-15

[debug] [2025-10-24T05:30:22.029Z] Java(TM) SE Runtime Environment (build 23.0.1+11-39)
Java HotSpot(TM) 64-Bit Server VM (build 23.0.1+11-39, mixed mode, sharing)

[debug] [2025-10-24T05:30:22.054Z] Parsed Java major version: 23
[info] i  emulators: Starting emulators: auth, firestore {"metadata":{"emulator":{"name":"hub"},"message":"Starting emulators: auth, firestore"}}
[info] i  emulators: Detected demo project ID "demo-test", emulated services will use a demo configuration and attempts to access non-emulated services for this project will fail. {"metadata":{"emulator":{"name":"hub"},"message":"Detected demo project ID \"demo-test\", emulated services will use a demo configuration and attempts to access non-emulated services for this project will fail."}}
[debug] [2025-10-24T05:30:22.061Z] [logging] Logging Emulator only supports listening on one address (127.0.0.1). Not listening on ::1
[debug] [2025-10-24T05:30:22.061Z] [auth] Authentication Emulator only supports listening on one address (127.0.0.1). Not listening on ::1
[debug] [2025-10-24T05:30:22.061Z] [firestore] Firestore Emulator only supports listening on one address (127.0.0.1). Not listening on ::1
[debug] [2025-10-24T05:30:22.061Z] [firestore.websocket] websocket server for firestore only supports listening on one address (127.0.0.1). Not listening on ::1
[debug] [2025-10-24T05:30:22.061Z] assigned listening specs for emulators {"user":{"hub":[{"address":"127.0.0.1","family":"IPv4","port":4400},{"address":"::1","family":"IPv6","port":4400}],"ui":[{"address":"127.0.0.1","family":"IPv4","port":4000},{"address":"::1","family":"IPv6","port":4000}],"logging":[{"address":"127.0.0.1","family":"IPv4","port":4500}],"auth":[{"address":"127.0.0.1","family":"IPv4","port":9099}],"firestore":[{"address":"127.0.0.1","family":"IPv4","port":8080}],"firestore.websocket":[{"address":"127.0.0.1","family":"IPv4","port":9150}]},"metadata":{"message":"assigned listening specs for emulators"}}
[debug] [2025-10-24T05:30:22.063Z] [hub] writing locator at C:\Users\USER\AppData\Local\Temp\hub-demo-test.json
[warn] !  firestore: Cloud Firestore Emulator does not support multiple databases yet. {"metadata":{"emulator":{"name":"firestore"},"message":"Cloud Firestore Emulator does not support multiple databases yet."}}
[warn] !  firestore: Did not find a Cloud Firestore rules file specified in a firebase.json config file. {"metadata":{"emulator":{"name":"firestore"},"message":"Did not find a Cloud Firestore rules file specified in a firebase.json config file."}}
[warn] !  firestore: The emulator will default to allowing all reads and writes. Learn more about this option: https://firebase.google.com/docs/emulator-suite/install_and_configure#security_rules_configuration. {"metadata":{"emulator":{"name":"firestore"},"message":"The emulator will default to allowing all reads and writes. Learn more about this option: https://firebase.google.com/docs/emulator-suite/install_and_configure#security_rules_configuration."}}
[debug] [2025-10-24T05:30:22.066Z] Ignoring unsupported arg: auto_download {"metadata":{"emulator":{"name":"firestore"},"message":"Ignoring unsupported arg: auto_download"}}
[debug] [2025-10-24T05:30:22.066Z] Ignoring unsupported arg: single_project_mode_error {"metadata":{"emulator":{"name":"firestore"},"message":"Ignoring unsupported arg: single_project_mode_error"}}
[debug] [2025-10-24T05:30:22.066Z] Starting Firestore Emulator with command {"binary":"java","args":["-Dgoogle.cloud_firestore.debug_log_level=FINE","-Duser.language=en","-jar","C:\\Users\\USER\\.cache\\firebase\\emulators\\cloud-firestore-emulator-v1.19.8.jar","--host","127.0.0.1","--port",8080,"--websocket_port",9150,"--project_id","demo-test","--single_project_mode",true],"optionalArgs":["port","webchannel_port","host","rules","websocket_port","functions_emulator","seed_from_export","project_id","single_project_mode"],"joinArgs":false,"shell":false,"port":8080} {"metadata":{"emulator":{"name":"firestore"},"message":"Starting Firestore Emulator with command {\"binary\":\"java\",\"args\":[\"-Dgoogle.cloud_firestore.debug_log_level=FINE\",\"-Duser.language=en\",\"-jar\",\"C:\\\\Users\\\\USER\\\\.cache\\\\firebase\\\\emulators\\\\cloud-firestore-emulator-v1.19.8.jar\",\"--host\",\"127.0.0.1\",\"--port\",8080,\"--websocket_port\",9150,\"--project_id\",\"demo-test\",\"--single_project_mode\",true],\"optionalArgs\":[\"port\",\"webchannel_port\",\"host\",\"rules\",\"websocket_port\",\"functions_emulator\",\"seed_from_export\",\"project_id\",\"single_project_mode\"],\"joinArgs\":false,\"shell\":false,\"port\":8080}"}}
[info] i  firestore: Firestore Emulator logging to firestore-debug.log {"metadata":{"emulator":{"name":"firestore"},"message":"Firestore Emulator logging to \u001b[1mfirestore-debug.log\u001b[22m"}}
[info] +  firestore: Firestore Emulator UI websocket is running on 9150. {"metadata":{"emulator":{"name":"firestore"},"message":"Firestore Emulator UI websocket is running on 9150."}}
[info] i  ui: downloading ui-v1.14.0.zip... {"metadata":{"emulator":{"name":"ui"},"message":"downloading ui-v1.14.0.zip..."}}
[debug] [2025-10-24T05:30:26.053Z] >>> [apiv2][query] GET https://storage.googleapis.com/firebase-preview-drop/emulator/ui-v1.14.0.zip 
[debug] [2025-10-24T05:30:26.327Z] <<< [apiv2][status] GET https://storage.googleapis.com/firebase-preview-drop/emulator/ui-v1.14.0.zip 200
[debug] [2025-10-24T05:30:26.327Z] <<< [apiv2][body] GET https://storage.googleapis.com/firebase-preview-drop/emulator/ui-v1.14.0.zip [stream]
[debug] [2025-10-24T05:30:26.392Z] Data is 3615311
[debug] [2025-10-24T05:30:26.392Z] [unzip] Entry: client/ (compressed_size=0 bytes, uncompressed_size=0 bytes)
[debug] [2025-10-24T05:30:26.392Z] [unzip] Processing entry: client\
[debug] [2025-10-24T05:30:26.392Z] [unzip] mkdir: C:\Users\USER\.cache\firebase\emulators\ui-v1.14.0\client\
[debug] [2025-10-24T05:30:26.392Z] [unzip] Entry: client/favicon-16x16.png (compressed_size=293 bytes, uncompressed_size=293 bytes)
[debug] [2025-10-24T05:30:26.392Z] [unzip] Processing entry: client\favicon-16x16.png
[debug] [2025-10-24T05:30:26.392Z] [unzip] else mkdir: C:\Users\USER\.cache\firebase\emulators\ui-v1.14.0\client
[debug] [2025-10-24T05:30:26.392Z] [unzip] Writing file: C:\Users\USER\.cache\firebase\emulators\ui-v1.14.0\client\favicon-16x16.png
[debug] [2025-10-24T05:30:26.393Z] [unzip] Entry: client/safari-pinned-tab.svg (compressed_size=1433 bytes, uncompressed_size=2611 bytes)
[debug] [2025-10-24T05:30:26.393Z] [unzip] Processing entry: client\safari-pinned-tab.svg
[debug] [2025-10-24T05:30:26.393Z] [unzip] else mkdir: C:\Users\USER\.cache\firebase\emulators\ui-v1.14.0\client
[debug] [2025-10-24T05:30:26.393Z] [unzip] deflating: C:\Users\USER\.cache\firebase\emulators\ui-v1.14.0\client\safari-pinned-tab.svg
[debug] [2025-10-24T05:30:26.395Z] [unzip] Entry: client/favicon.ico (compressed_size=2933 bytes, uncompressed_size=13294 bytes)
[debug] [2025-10-24T05:30:26.395Z] [unzip] Processing entry: client\favicon.ico
[debug] [2025-10-24T05:30:26.395Z] [unzip] else mkdir: C:\Users\USER\.cache\firebase\emulators\ui-v1.14.0\client
[debug] [2025-10-24T05:30:26.395Z] [unzip] deflating: C:\Users\USER\.cache\firebase\emulators\ui-v1.14.0\client\favicon.ico
[debug] [2025-10-24T05:30:26.396Z] [unzip] Entry: client/index.html (compressed_size=1363 bytes, uncompressed_size=3071 bytes)
[debug] [2025-10-24T05:30:26.396Z] [unzip] Processing entry: client\index.html
[debug] [2025-10-24T05:30:26.396Z] [unzip] else mkdir: C:\Users\USER\.cache\firebase\emulators\ui-v1.14.0\client
[debug] [2025-10-24T05:30:26.396Z] [unzip] deflating: C:\Users\USER\.cache\firebase\emulators\ui-v1.14.0\client\index.html
[debug] [2025-10-24T05:30:26.397Z] [unzip] Entry: client/android-chrome-192x192.png (compressed_size=2684 bytes, uncompressed_size=2684 bytes)
[debug] [2025-10-24T05:30:26.397Z] [unzip] Processing entry: client\android-chrome-192x192.png
[debug] [2025-10-24T05:30:26.397Z] [unzip] else mkdir: C:\Users\USER\.cache\firebase\emulators\ui-v1.14.0\client
[debug] [2025-10-24T05:30:26.397Z] [unzip] Writing file: C:\Users\USER\.cache\firebase\emulators\ui-v1.14.0\client\android-chrome-192x192.png
[debug] [2025-10-24T05:30:26.397Z] [unzip] Entry: client/apple-touch-icon.png (compressed_size=2123 bytes, uncompressed_size=2152 bytes)
[debug] [2025-10-24T05:30:26.398Z] [unzip] Processing entry: client\apple-touch-icon.png
[debug] [2025-10-24T05:30:26.398Z] [unzip] else mkdir: C:\Users\USER\.cache\firebase\emulators\ui-v1.14.0\client
[debug] [2025-10-24T05:30:26.398Z] [unzip] deflating: C:\Users\USER\.cache\firebase\emulators\ui-v1.14.0\client\apple-touch-icon.png
[debug] [2025-10-24T05:30:26.399Z] [unzip] Entry: client/android-chrome-512x512.png (compressed_size=5369 bytes, uncompressed_size=5411 bytes)
[debug] [2025-10-24T05:30:26.399Z] [unzip] Processing entry: client\android-chrome-512x512.png
[debug] [2025-10-24T05:30:26.399Z] [unzip] else mkdir: C:\Users\USER\.cache\firebase\emulators\ui-v1.14.0\client
[debug] [2025-10-24T05:30:26.399Z] [unzip] deflating: C:\Users\USER\.cache\firebase\emulators\ui-v1.14.0\client\android-chrome-512x512.png
[debug] [2025-10-24T05:30:26.400Z] [unzip] Entry: client/manifest.json (compressed_size=245 bytes, uncompressed_size=551 bytes)
[debug] [2025-10-24T05:30:26.400Z] [unzip] Processing entry: client\manifest.json
[debug] [2025-10-24T05:30:26.400Z] [unzip] else mkdir: C:\Users\USER\.cache\firebase\emulators\ui-v1.14.0\client
[debug] [2025-10-24T05:30:26.400Z] [unzip] deflating: C:\Users\USER\.cache\firebase\emulators\ui-v1.14.0\client\manifest.json
[debug] [2025-10-24T05:30:26.400Z] [unzip] Entry: client/robots.txt (compressed_size=26 bytes, uncompressed_size=26 bytes)
[debug] [2025-10-24T05:30:26.400Z] [unzip] Processing entry: client\robots.txt
[debug] [2025-10-24T05:30:26.400Z] [unzip] else mkdir: C:\Users\USER\.cache\firebase\emulators\ui-v1.14.0\client
[debug] [2025-10-24T05:30:26.401Z] [unzip] Writing file: C:\Users\USER\.cache\firebase\emulators\ui-v1.14.0\client\robots.txt
[debug] [2025-10-24T05:30:26.401Z] [unzip] Entry: client/mstile-150x150.png (compressed_size=2034 bytes, uncompressed_size=2034 bytes)
[debug] [2025-10-24T05:30:26.401Z] [unzip] Processing entry: client\mstile-150x150.png
[debug] [2025-10-24T05:30:26.401Z] [unzip] else mkdir: C:\Users\USER\.cache\firebase\emulators\ui-v1.14.0\client
[debug] [2025-10-24T05:30:26.401Z] [unzip] Writing file: C:\Users\USER\.cache\firebase\emulators\ui-v1.14.0\client\mstile-150x150.png
[debug] [2025-10-24T05:30:26.401Z] [unzip] Entry: client/assets/ (compressed_size=0 bytes, uncompressed_size=0 bytes)
[debug] [2025-10-24T05:30:26.401Z] [unzip] Processing entry: client\assets\
[debug] [2025-10-24T05:30:26.401Z] [unzip] mkdir: C:\Users\USER\.cache\firebase\emulators\ui-v1.14.0\client\assets\
[debug] [2025-10-24T05:30:26.401Z] [unzip] Entry: client/assets/index-ClZTY_JS.js.map (compressed_size=2328270 bytes, uncompressed_size=9947004 bytes)
[debug] [2025-10-24T05:30:26.401Z] [unzip] Processing entry: client\assets\index-ClZTY_JS.js.map
[debug] [2025-10-24T05:30:26.401Z] [unzip] else mkdir: C:\Users\USER\.cache\firebase\emulators\ui-v1.14.0\client\assets
[debug] [2025-10-24T05:30:26.402Z] [unzip] deflating: C:\Users\USER\.cache\firebase\emulators\ui-v1.14.0\client\assets\index-ClZTY_JS.js.map
[debug] [2025-10-24T05:30:26.425Z] [unzip] Entry: client/assets/index-ClZTY_JS.js (compressed_size=567195 bytes, uncompressed_size=2035940 bytes)
[debug] [2025-10-24T05:30:26.425Z] [unzip] Processing entry: client\assets\index-ClZTY_JS.js
[debug] [2025-10-24T05:30:26.425Z] [unzip] else mkdir: C:\Users\USER\.cache\firebase\emulators\ui-v1.14.0\client\assets
[debug] [2025-10-24T05:30:26.425Z] [unzip] deflating: C:\Users\USER\.cache\firebase\emulators\ui-v1.14.0\client\assets\index-ClZTY_JS.js
[debug] [2025-10-24T05:30:26.431Z] [unzip] Entry: client/assets/index-BdgySamB.css (compressed_size=35979 bytes, uncompressed_size=298654 bytes)
[debug] [2025-10-24T05:30:26.431Z] [unzip] Processing entry: client\assets\index-BdgySamB.css
[debug] [2025-10-24T05:30:26.431Z] [unzip] else mkdir: C:\Users\USER\.cache\firebase\emulators\ui-v1.14.0\client\assets
[debug] [2025-10-24T05:30:26.431Z] [unzip] deflating: C:\Users\USER\.cache\firebase\emulators\ui-v1.14.0\client\assets\index-BdgySamB.css
[debug] [2025-10-24T05:30:26.433Z] [unzip] Entry: client/assets/extensions/ (compressed_size=0 bytes, uncompressed_size=0 bytes)
[debug] [2025-10-24T05:30:26.433Z] [unzip] Processing entry: client\assets\extensions\
[debug] [2025-10-24T05:30:26.433Z] [unzip] mkdir: C:\Users\USER\.cache\firebase\emulators\ui-v1.14.0\client\assets\extensions\
[debug] [2025-10-24T05:30:26.433Z] [unzip] Entry: client/assets/extensions/default-extension.png (compressed_size=1646 bytes, uncompressed_size=1657 bytes)
[debug] [2025-10-24T05:30:26.433Z] [unzip] Processing entry: client\assets\extensions\default-extension.png
[debug] [2025-10-24T05:30:26.433Z] [unzip] else mkdir: C:\Users\USER\.cache\firebase\emulators\ui-v1.14.0\client\assets\extensions
[debug] [2025-10-24T05:30:26.433Z] [unzip] deflating: C:\Users\USER\.cache\firebase\emulators\ui-v1.14.0\client\assets\extensions\default-extension.png
[debug] [2025-10-24T05:30:26.434Z] [unzip] Entry: client/assets/img/ (compressed_size=0 bytes, uncompressed_size=0 bytes)
[debug] [2025-10-24T05:30:26.434Z] [unzip] Processing entry: client\assets\img\
[debug] [2025-10-24T05:30:26.434Z] [unzip] mkdir: C:\Users\USER\.cache\firebase\emulators\ui-v1.14.0\client\assets\img\
[debug] [2025-10-24T05:30:26.434Z] [unzip] Entry: client/assets/img/database.png (compressed_size=29449 bytes, uncompressed_size=29988 bytes)
[debug] [2025-10-24T05:30:26.434Z] [unzip] Processing entry: client\assets\img\database.png
[debug] [2025-10-24T05:30:26.434Z] [unzip] else mkdir: C:\Users\USER\.cache\firebase\emulators\ui-v1.14.0\client\assets\img
[debug] [2025-10-24T05:30:26.434Z] [unzip] deflating: C:\Users\USER\.cache\firebase\emulators\ui-v1.14.0\client\assets\img\database.png
[debug] [2025-10-24T05:30:26.435Z] [unzip] Entry: client/assets/provider-icons/ (compressed_size=0 bytes, uncompressed_size=0 bytes)
[debug] [2025-10-24T05:30:26.435Z] [unzip] Processing entry: client\assets\provider-icons\
[debug] [2025-10-24T05:30:26.435Z] [unzip] mkdir: C:\Users\USER\.cache\firebase\emulators\ui-v1.14.0\client\assets\provider-icons\
[debug] [2025-10-24T05:30:26.435Z] [unzip] Entry: client/assets/provider-icons/auth_service_saml.svg (compressed_size=575 bytes, uncompressed_size=1226 bytes)
[debug] [2025-10-24T05:30:26.435Z] [unzip] Processing entry: client\assets\provider-icons\auth_service_saml.svg
[debug] [2025-10-24T05:30:26.435Z] [unzip] else mkdir: C:\Users\USER\.cache\firebase\emulators\ui-v1.14.0\client\assets\provider-icons
[debug] [2025-10-24T05:30:26.435Z] [unzip] deflating: C:\Users\USER\.cache\firebase\emulators\ui-v1.14.0\client\assets\provider-icons\auth_service_saml.svg
[debug] [2025-10-24T05:30:26.435Z] [unzip] Entry: client/assets/provider-icons/auth_service_phone.svg (compressed_size=261 bytes, uncompressed_size=414 bytes)
[debug] [2025-10-24T05:30:26.435Z] [unzip] Processing entry: client\assets\provider-icons\auth_service_phone.svg
[debug] [2025-10-24T05:30:26.435Z] [unzip] else mkdir: C:\Users\USER\.cache\firebase\emulators\ui-v1.14.0\client\assets\provider-icons
[debug] [2025-10-24T05:30:26.436Z] [unzip] deflating: C:\Users\USER\.cache\firebase\emulators\ui-v1.14.0\client\assets\provider-icons\auth_service_phone.svg
[debug] [2025-10-24T05:30:26.436Z] [unzip] Entry: client/assets/provider-icons/auth_service_facebook.svg (compressed_size=289 bytes, uncompressed_size=457 bytes)
[debug] [2025-10-24T05:30:26.436Z] [unzip] Processing entry: client\assets\provider-icons\auth_service_facebook.svg
[debug] [2025-10-24T05:30:26.436Z] [unzip] else mkdir: C:\Users\USER\.cache\firebase\emulators\ui-v1.14.0\client\assets\provider-icons
[debug] [2025-10-24T05:30:26.436Z] [unzip] deflating: C:\Users\USER\.cache\firebase\emulators\ui-v1.14.0\client\assets\provider-icons\auth_service_facebook.svg
[debug] [2025-10-24T05:30:26.436Z] [unzip] Entry: client/assets/provider-icons/auth_service_game_center.svg (compressed_size=991 bytes, uncompressed_size=3921 bytes)
[debug] [2025-10-24T05:30:26.437Z] [unzip] Processing entry: client\assets\provider-icons\auth_service_game_center.svg
[debug] [2025-10-24T05:30:26.437Z] [unzip] else mkdir: C:\Users\USER\.cache\firebase\emulators\ui-v1.14.0\client\assets\provider-icons
[debug] [2025-10-24T05:30:26.437Z] [unzip] deflating: C:\Users\USER\.cache\firebase\emulators\ui-v1.14.0\client\assets\provider-icons\auth_service_game_center.svg
[debug] [2025-10-24T05:30:26.437Z] [unzip] Entry: client/assets/provider-icons/auth_service_apple.svg (compressed_size=230 bytes, uncompressed_size=334 bytes)
[debug] [2025-10-24T05:30:26.437Z] [unzip] Processing entry: client\assets\provider-icons\auth_service_apple.svg
[debug] [2025-10-24T05:30:26.437Z] [unzip] else mkdir: C:\Users\USER\.cache\firebase\emulators\ui-v1.14.0\client\assets\provider-icons
[debug] [2025-10-24T05:30:26.437Z] [unzip] deflating: C:\Users\USER\.cache\firebase\emulators\ui-v1.14.0\client\assets\provider-icons\auth_service_apple.svg
[debug] [2025-10-24T05:30:26.437Z] [unzip] Entry: client/assets/provider-icons/auth_service_github.svg (compressed_size=466 bytes, uncompressed_size=838 bytes)
[debug] [2025-10-24T05:30:26.438Z] [unzip] Processing entry: client\assets\provider-icons\auth_service_github.svg
[debug] [2025-10-24T05:30:26.438Z] [unzip] else mkdir: C:\Users\USER\.cache\firebase\emulators\ui-v1.14.0\client\assets\provider-icons
[debug] [2025-10-24T05:30:26.438Z] [unzip] deflating: C:\Users\USER\.cache\firebase\emulators\ui-v1.14.0\client\assets\provider-icons\auth_service_github.svg
[debug] [2025-10-24T05:30:26.438Z] [unzip] Entry: client/assets/provider-icons/auth_service_mslive.svg (compressed_size=203 bytes, uncompressed_size=378 bytes)
[debug] [2025-10-24T05:30:26.438Z] [unzip] Processing entry: client\assets\provider-icons\auth_service_mslive.svg
[debug] [2025-10-24T05:30:26.438Z] [unzip] else mkdir: C:\Users\USER\.cache\firebase\emulators\ui-v1.14.0\client\assets\provider-icons
[debug] [2025-10-24T05:30:26.438Z] [unzip] deflating: C:\Users\USER\.cache\firebase\emulators\ui-v1.14.0\client\assets\provider-icons\auth_service_mslive.svg
[debug] [2025-10-24T05:30:26.438Z] [unzip] Entry: client/assets/provider-icons/auth_service_yahoo.svg (compressed_size=577 bytes, uncompressed_size=1182 bytes)
[debug] [2025-10-24T05:30:26.439Z] [unzip] Processing entry: client\assets\provider-icons\auth_service_yahoo.svg
[debug] [2025-10-24T05:30:26.439Z] [unzip] else mkdir: C:\Users\USER\.cache\firebase\emulators\ui-v1.14.0\client\assets\provider-icons
[debug] [2025-10-24T05:30:26.439Z] [unzip] deflating: C:\Users\USER\.cache\firebase\emulators\ui-v1.14.0\client\assets\provider-icons\auth_service_yahoo.svg
[debug] [2025-10-24T05:30:26.439Z] [unzip] Entry: client/assets/provider-icons/auth_service_twitter.svg (compressed_size=444 bytes, uncompressed_size=751 bytes)
[debug] [2025-10-24T05:30:26.439Z] [unzip] Processing entry: client\assets\provider-icons\auth_service_twitter.svg
[debug] [2025-10-24T05:30:26.439Z] [unzip] else mkdir: C:\Users\USER\.cache\firebase\emulators\ui-v1.14.0\client\assets\provider-icons
[debug] [2025-10-24T05:30:26.439Z] [unzip] deflating: C:\Users\USER\.cache\firebase\emulators\ui-v1.14.0\client\assets\provider-icons\auth_service_twitter.svg
[debug] [2025-10-24T05:30:26.440Z] [unzip] Entry: client/assets/provider-icons/auth_service_play_games.svg (compressed_size=565 bytes, uncompressed_size=1173 bytes)
[debug] [2025-10-24T05:30:26.440Z] [unzip] Processing entry: client\assets\provider-icons\auth_service_play_games.svg
[debug] [2025-10-24T05:30:26.440Z] [unzip] else mkdir: C:\Users\USER\.cache\firebase\emulators\ui-v1.14.0\client\assets\provider-icons
[debug] [2025-10-24T05:30:26.440Z] [unzip] deflating: C:\Users\USER\.cache\firebase\emulators\ui-v1.14.0\client\assets\provider-icons\auth_service_play_games.svg
[debug] [2025-10-24T05:30:26.440Z] [unzip] Entry: client/assets/provider-icons/auth_service_email.svg (compressed_size=228 bytes, uncompressed_size=326 bytes)
[debug] [2025-10-24T05:30:26.440Z] [unzip] Processing entry: client\assets\provider-icons\auth_service_email.svg
[debug] [2025-10-24T05:30:26.440Z] [unzip] else mkdir: C:\Users\USER\.cache\firebase\emulators\ui-v1.14.0\client\assets\provider-icons
[debug] [2025-10-24T05:30:26.440Z] [unzip] deflating: C:\Users\USER\.cache\firebase\emulators\ui-v1.14.0\client\assets\provider-icons\auth_service_email.svg
[debug] [2025-10-24T05:30:26.441Z] [unzip] Entry: client/assets/provider-icons/auth_service_google.svg (compressed_size=409 bytes, uncompressed_size=720 bytes)
[debug] [2025-10-24T05:30:26.441Z] [unzip] Processing entry: client\assets\provider-icons\auth_service_google.svg
[debug] [2025-10-24T05:30:26.441Z] [unzip] else mkdir: C:\Users\USER\.cache\firebase\emulators\ui-v1.14.0\client\assets\provider-icons
[debug] [2025-10-24T05:30:26.441Z] [unzip] deflating: C:\Users\USER\.cache\firebase\emulators\ui-v1.14.0\client\assets\provider-icons\auth_service_google.svg
[debug] [2025-10-24T05:30:26.441Z] [unzip] Entry: client/assets/provider-icons/auth_service_oidc.svg (compressed_size=414 bytes, uncompressed_size=858 bytes)
[debug] [2025-10-24T05:30:26.441Z] [unzip] Processing entry: client\assets\provider-icons\auth_service_oidc.svg
[debug] [2025-10-24T05:30:26.441Z] [unzip] else mkdir: C:\Users\USER\.cache\firebase\emulators\ui-v1.14.0\client\assets\provider-icons
[debug] [2025-10-24T05:30:26.441Z] [unzip] deflating: C:\Users\USER\.cache\firebase\emulators\ui-v1.14.0\client\assets\provider-icons\auth_service_oidc.svg
[debug] [2025-10-24T05:30:26.442Z] [unzip] Entry: client/browserconfig.xml (compressed_size=491 bytes, uncompressed_size=822 bytes)
[debug] [2025-10-24T05:30:26.442Z] [unzip] Processing entry: client\browserconfig.xml
[debug] [2025-10-24T05:30:26.442Z] [unzip] else mkdir: C:\Users\USER\.cache\firebase\emulators\ui-v1.14.0\client
[debug] [2025-10-24T05:30:26.442Z] [unzip] deflating: C:\Users\USER\.cache\firebase\emulators\ui-v1.14.0\client\browserconfig.xml
[debug] [2025-10-24T05:30:26.442Z] [unzip] Entry: client/favicon-32x32.png (compressed_size=475 bytes, uncompressed_size=475 bytes)
[debug] [2025-10-24T05:30:26.442Z] [unzip] Processing entry: client\favicon-32x32.png
[debug] [2025-10-24T05:30:26.442Z] [unzip] else mkdir: C:\Users\USER\.cache\firebase\emulators\ui-v1.14.0\client
[debug] [2025-10-24T05:30:26.443Z] [unzip] Writing file: C:\Users\USER\.cache\firebase\emulators\ui-v1.14.0\client\favicon-32x32.png
[debug] [2025-10-24T05:30:26.443Z] [unzip] Entry: server/ (compressed_size=0 bytes, uncompressed_size=0 bytes)
[debug] [2025-10-24T05:30:26.443Z] [unzip] Processing entry: server\
[debug] [2025-10-24T05:30:26.443Z] [unzip] mkdir: C:\Users\USER\.cache\firebase\emulators\ui-v1.14.0\server\
[debug] [2025-10-24T05:30:26.443Z] [unzip] Entry: server/server.mjs.map (compressed_size=296496 bytes, uncompressed_size=1355667 bytes)
[debug] [2025-10-24T05:30:26.443Z] [unzip] Processing entry: server\server.mjs.map
[debug] [2025-10-24T05:30:26.443Z] [unzip] else mkdir: C:\Users\USER\.cache\firebase\emulators\ui-v1.14.0\server
[debug] [2025-10-24T05:30:26.443Z] [unzip] deflating: C:\Users\USER\.cache\firebase\emulators\ui-v1.14.0\server\server.mjs.map
[debug] [2025-10-24T05:30:26.447Z] [unzip] Entry: server/server.mjs (compressed_size=315701 bytes, uncompressed_size=1172682 bytes)
[debug] [2025-10-24T05:30:26.447Z] [unzip] Processing entry: server\server.mjs
[debug] [2025-10-24T05:30:26.447Z] [unzip] else mkdir: C:\Users\USER\.cache\firebase\emulators\ui-v1.14.0\server
[debug] [2025-10-24T05:30:26.447Z] [unzip] deflating: C:\Users\USER\.cache\firebase\emulators\ui-v1.14.0\server\server.mjs
[debug] [2025-10-24T05:30:26.450Z] [unzip] Entry: server/assets/ (compressed_size=0 bytes, uncompressed_size=0 bytes)
[debug] [2025-10-24T05:30:26.450Z] [unzip] Processing entry: server\assets\
[debug] [2025-10-24T05:30:26.450Z] [unzip] mkdir: C:\Users\USER\.cache\firebase\emulators\ui-v1.14.0\server\assets\
[debug] [2025-10-24T05:30:26.451Z] [unzip] Entry: server/assets/multipart-parser-DGCUZdXu.mjs.map (compressed_size=4791 bytes, uncompressed_size=17918 bytes)
[debug] [2025-10-24T05:30:26.451Z] [unzip] Processing entry: server\assets\multipart-parser-DGCUZdXu.mjs.map
[debug] [2025-10-24T05:30:26.451Z] [unzip] else mkdir: C:\Users\USER\.cache\firebase\emulators\ui-v1.14.0\server\assets
[debug] [2025-10-24T05:30:26.451Z] [unzip] deflating: C:\Users\USER\.cache\firebase\emulators\ui-v1.14.0\server\assets\multipart-parser-DGCUZdXu.mjs.map
[debug] [2025-10-24T05:30:26.451Z] [unzip] Entry: server/assets/multipart-parser-DGCUZdXu.mjs (compressed_size=2621 bytes, uncompressed_size=10390 bytes)
[debug] [2025-10-24T05:30:26.451Z] [unzip] Processing entry: server\assets\multipart-parser-DGCUZdXu.mjs
[debug] [2025-10-24T05:30:26.451Z] [unzip] else mkdir: C:\Users\USER\.cache\firebase\emulators\ui-v1.14.0\server\assets
[debug] [2025-10-24T05:30:26.451Z] [unzip] deflating: C:\Users\USER\.cache\firebase\emulators\ui-v1.14.0\server\assets\multipart-parser-DGCUZdXu.mjs
[info] i  ui: Removing outdated emulator files: ui-v1.15.0 {"metadata":{"emulator":{"name":"ui"},"message":"Removing outdated emulator files: ui-v1.15.0"}}
[info] i  ui: Removing outdated emulator files: ui-v1.15.0.zip {"metadata":{"emulator":{"name":"ui"},"message":"Removing outdated emulator files: ui-v1.15.0.zip"}}
[debug] [2025-10-24T05:30:26.461Z] Could not find VSCode notification endpoint: FetchError: request to http://localhost:40001/vscode/notify failed, reason: . If you are not running the Firebase Data Connect VSCode extension, this is expected and not an issue.
[info] 
┌─────────────────────────────────────────────────────────────┐
│ ✔  All emulators ready! It is now safe to connect your app. │
│ i  View Emulator UI at http://127.0.0.1:4000/               │
└─────────────────────────────────────────────────────────────┘

┌────────────────┬────────────────┬─────────────────────────────────┐
│ Emulator       │ Host:Port      │ View in Emulator UI             │
├────────────────┼────────────────┼─────────────────────────────────┤
│ Authentication │ 127.0.0.1:9099 │ http://127.0.0.1:4000/auth      │
├────────────────┼────────────────┼─────────────────────────────────┤
│ Firestore      │ 127.0.0.1:8080 │ http://127.0.0.1:4000/firestore │
└────────────────┴────────────────┴─────────────────────────────────┘
  Emulator Hub host: 127.0.0.1 port: 4400
  Other reserved ports: 4500, 9150

Issues? Report them at https://github.com/firebase/firebase-tools/issues and attach the *-debug.log files.
 
